ASxxxx Linker V03.00 + NoICE + sdld,  page 1.
Hexadecimal  [32-Bits]

Area                                    Addr        Size        Decimal Bytes (Attributes)
--------------------------------        ----        ----        ------- ----- ------------
.  .ABS.                            00000000    00000000 =           0. bytes (ABS,CON)

      Value  Global                              Global Defined In Module
      -----  --------------------------------   ------------------------
     00000000  .__.ABS.                           cpct_video
     00000000  l__CABS                         
     00000000  l__DABS                         
     00000000  l__DATA                         
     00000000  l__GSFINAL                      
     00000000  l__GSINIT                       
     00000000  l__HOME                         
     00000000  l__INITIALIZED                  
     00000000  l__INITIALIZER                  
     00000000  s__CABS                         
     00000000  s__DABS                         
     00000005  max_entities                       cpct_keyboard
     000004EB  l__CODE                         
     00004000  s__CODE                         
     000044EB  s__DATA                         
     000044EB  s__GSFINAL                      
     000044EB  s__GSINIT                       
     000044EB  s__HOME                         
     000044EB  s__INITIALIZED                  
     000044EB  s__INITIALIZER                  

ASxxxx Linker V03.00 + NoICE + sdld,  page 2.
Hexadecimal  [32-Bits]

Area                                    Addr        Size        Decimal Bytes (Attributes)
--------------------------------        ----        ----        ------- ----- ------------
_CODE                               00004000    000004EB =        1259. bytes (REL,CON)

      Value  Global                              Global Defined In Module
      -----  --------------------------------   ------------------------
     00004000  _sp_sword                          sword
     0000400C  _sp_redball                        RedBall
     0000401C  _pal_main                          player01
     0000402C  _sp_mainchar                       player01
     0000406C  _main                              cpct_keyboard
     000040C1  man_entity_getArray                cpct_keyboard
     000040C9  man_entity_init                    cpct_keyboard
     000040D4  man_entity_create                  cpct_keyboard
     000040E0  man_entity_new                     cpct_keyboard
     00004118  man_game_init                      
     0000413D  man_game_update                    
     00004150  man_game_render                    
     00004157  sys_ai_control_init                sys_ai_control
     000041B9  sys_ai_control_update              sys_ai_control
     000041E0  sys_input_init                     cpct_keyboard
     000041E1  sys_input_update                   cpct_keyboard
     0000422D  sys_physics_init                   
     0000422E  sys_pysics_update                  
     00004270  sys_eren_init                      cpct_keyboard
     00004285  sys_eren_update                    cpct_keyboard
     00004289  sys_eren_render_entities           cpct_keyboard
     000042C8  cpct_setPalette_asm                cpct_video
     000042DB  _cpct_scanKeyboard_f               cpct_keyboard
     000042DB  cpct_scanKeyboard_f_asm            cpct_keyboard
     00004345  _cpct_isKeyPressed                 cpct_keyboard
     00004345  cpct_isKeyPressed_asm              cpct_keyboard
     00004351  cpct_setPALColour_asm              cpct_video
     0000435B  cpct_drawSprite_asm                cpct_sprites
     000043FB  _cpct_keyboardStatusBuffer         cpct_keyboard
     00004405  cpct_setVideoMode_asm              cpct_video
     00004412  _cpct_waitVSYNC                    cpct_video
     00004412  cpct_waitVSYNC_asm                 cpct_video
     0000441A  _cpct_disableFirmware              cpct_firmware
     0000441A  _cpct_removeInterruptHandler       cpct_firmware
     0000441A  cpct_disableFirmware_asm           cpct_firmware
     0000441A  cpct_removeInterruptHandler_asm    cpct_firmware
     0000442A  cpct_drawSolidBox_asm              cpct_sprites
     000044CE  _cpct_mode_rom_status              cpct_firmware
     000044CF  cpct_getScreenPtr_asm              cpct_video
ASxxxx Linker V03.00 + NoICE + sdld,  page 3.

Files Linked                              [ module(s) ]

obj/assets/sprites/sword.rel              [ sword ]
obj/assets/sprites/RedBall.rel            [ RedBall ]
obj/assets/sprites/player01.rel           [ player01 ]
obj/cpct_functions.h.rel                  [  ]
obj/main.rel                              [ cpct_keyboard ]
obj/assets/assets.h.rel                   [  ]
obj/man/entity.h.rel                      [  ]
obj/man/entity.rel                        [ cpct_keyboard ]
obj/man/game.h.rel                        [  ]
obj/man/game.rel                          [  ]
obj/cmp/array_structure.h.rel             [  ]
obj/cmp/entity.h.rel                      [  ]
obj/sys/ai_control.h.rel                  [  ]
obj/sys/ai_control.rel                    [ sys_ai_control ]
obj/sys/input.h.rel                       [  ]
obj/sys/input.rel                         [ cpct_keyboard ]
obj/sys/physics.h.rel                     [  ]
obj/sys/physics.rel                       [  ]
obj/sys/render.h.rel                      [  ]
obj/sys/render.rel                        [ cpct_keyboard ]


Libraries Linked                          [ object file ]

/home/diego/cpctelera/cpctelera/cpctelera.lib
                                          [ cpct_setPalette_asmbindings.rel ]
/home/diego/cpctelera/cpctelera/cpctelera.lib
                                          [ cpct_scanKeyboard_f.rel ]
/home/diego/cpctelera/cpctelera/cpctelera.lib
                                          [ cpct_isKeyPressed.rel ]
/home/diego/cpctelera/cpctelera/cpctelera.lib
                                          [ cpct_setPALColour_asmbindings.re ]
/home/diego/cpctelera/cpctelera/cpctelera.lib
                                          [ cpct_drawSprite_asmbindings.rel ]
/home/diego/cpctelera/cpctelera/cpctelera.lib
                                          [ keyboard.rel ]
/home/diego/cpctelera/cpctelera/cpctelera.lib
                                          [ cpct_setVideoMode_asmbindings.re ]
/home/diego/cpctelera/cpctelera/cpctelera.lib
                                          [ cpct_waitVSYNC.rel ]
/home/diego/cpctelera/cpctelera/cpctelera.lib
                                          [ cpct_removeInterruptHandler.rel ]
/home/diego/cpctelera/cpctelera/cpctelera.lib
                                          [ cpct_drawSolidBox_asmbindings.re ]
/home/diego/cpctelera/cpctelera/cpctelera.lib
                                          [ cpc_mode_rom_status.rel ]
/home/diego/cpctelera/cpctelera/cpctelera.lib
                                          [ cpct_getScreenPtr_asmbindings.re ]

ASxxxx Linker V03.00 + NoICE + sdld,  page 4.

User Base Address Definitions

_CODE = 0x4000
_DATA = 0x0000

