ASxxxx Linker V03.00 + NoICE + sdld,  page 1.
Hexadecimal  [32-Bits]

Area                                    Addr        Size        Decimal Bytes (Attributes)
--------------------------------        ----        ----        ------- ----- ------------
.  .ABS.                            00000000    00000000 =           0. bytes (ABS,CON)

      Value  Global                              Global Defined In Module
      -----  --------------------------------   ------------------------
     00000000  .__.ABS.                           cpct_video
     00000000  l__CABS                         
     00000000  l__DABS                         
     00000000  l__DATA                         
     00000000  l__GSFINAL                      
     00000000  l__GSINIT                       
     00000000  l__HOME                         
     00000000  l__INITIALIZED                  
     00000000  l__INITIALIZER                  
     00000000  s__CABS                         
     00000000  s__DABS                         
     00000005  max_entities                       cpct_keyboard
     000004F9  l__CODE                         
     00004000  s__CODE                         
     000044F9  s__DATA                         
     000044F9  s__GSFINAL                      
     000044F9  s__GSINIT                       
     000044F9  s__HOME                         
     000044F9  s__INITIALIZED                  
     000044F9  s__INITIALIZER                  

ASxxxx Linker V03.00 + NoICE + sdld,  page 2.
Hexadecimal  [32-Bits]

Area                                    Addr        Size        Decimal Bytes (Attributes)
--------------------------------        ----        ----        ------- ----- ------------
_CODE                               00004000    000004F9 =        1273. bytes (REL,CON)

      Value  Global                              Global Defined In Module
      -----  --------------------------------   ------------------------
     00004000  _sp_sword                          sword
     0000400C  _sp_redball                        RedBall
     0000401C  _pal_main                          player01
     0000402C  _sp_mainchar                       player01
     0000406C  _main                              cpct_keyboard
     000040C6  man_entity_getArray                cpct_keyboard
     000040CE  man_entity_init                    cpct_keyboard
     000040D9  man_entity_create                  cpct_keyboard
     000040E5  man_entity_new                     cpct_keyboard
     00004123  man_game_init                      
     00004148  man_game_update                    
     00004152  man_game_render                    
     00004156  sys_ai_control_init                sys_ai_control
     000041B8  sys_ai_control_update              sys_ai_control
     000041D9  sys_input_init                     cpct_keyboard
     000041DE  sys_input_update                   cpct_keyboard
     0000422E  sys_physics_init                   
     00004233  sys_pysics_update                  
     0000427B  sys_eren_init                      cpct_keyboard
     00004294  sys_eren_update                    cpct_keyboard
     00004298  sys_eren_render_entities           cpct_keyboard
     000042D6  cpct_setPalette_asm                cpct_video
     000042E9  _cpct_scanKeyboard_f               cpct_keyboard
     000042E9  cpct_scanKeyboard_f_asm            cpct_keyboard
     00004353  _cpct_isKeyPressed                 cpct_keyboard
     00004353  cpct_isKeyPressed_asm              cpct_keyboard
     0000435F  cpct_setPALColour_asm              cpct_video
     00004369  cpct_drawSprite_asm                cpct_sprites
     00004409  _cpct_keyboardStatusBuffer         cpct_keyboard
     00004413  cpct_setVideoMode_asm              cpct_video
     00004420  _cpct_waitVSYNC                    cpct_video
     00004420  cpct_waitVSYNC_asm                 cpct_video
     00004428  _cpct_disableFirmware              cpct_firmware
     00004428  _cpct_removeInterruptHandler       cpct_firmware
     00004428  cpct_disableFirmware_asm           cpct_firmware
     00004428  cpct_removeInterruptHandler_asm    cpct_firmware
     00004438  cpct_drawSolidBox_asm              cpct_sprites
     000044DC  _cpct_mode_rom_status              cpct_firmware
     000044DD  cpct_getScreenPtr_asm              cpct_video
ASxxxx Linker V03.00 + NoICE + sdld,  page 3.

Files Linked                              [ module(s) ]

obj/assets/sprites/sword.rel              [ sword ]
obj/assets/sprites/RedBall.rel            [ RedBall ]
obj/assets/sprites/player01.rel           [ player01 ]
obj/cpct_functions.h.rel                  [  ]
obj/main.rel                              [ cpct_keyboard ]
obj/assets/assets.h.rel                   [  ]
obj/man/entity.h.rel                      [  ]
obj/man/entity.rel                        [ cpct_keyboard ]
obj/man/game.h.rel                        [  ]
obj/man/game.rel                          [  ]
obj/cmp/array_structure.h.rel             [  ]
obj/cmp/entity.h.rel                      [  ]
obj/sys/ai_control.h.rel                  [  ]
obj/sys/ai_control.rel                    [ sys_ai_control ]
obj/sys/input.h.rel                       [  ]
obj/sys/input.rel                         [ cpct_keyboard ]
obj/sys/physics.h.rel                     [  ]
obj/sys/physics.rel                       [  ]
obj/sys/render.h.rel                      [  ]
obj/sys/render.rel                        [ cpct_keyboard ]


Libraries Linked                          [ object file ]

/home/diego/cpctelera/cpctelera/cpctelera.lib
                                          [ cpct_setPalette_asmbindings.rel ]
/home/diego/cpctelera/cpctelera/cpctelera.lib
                                          [ cpct_scanKeyboard_f.rel ]
/home/diego/cpctelera/cpctelera/cpctelera.lib
                                          [ cpct_isKeyPressed.rel ]
/home/diego/cpctelera/cpctelera/cpctelera.lib
                                          [ cpct_setPALColour_asmbindings.re ]
/home/diego/cpctelera/cpctelera/cpctelera.lib
                                          [ cpct_drawSprite_asmbindings.rel ]
/home/diego/cpctelera/cpctelera/cpctelera.lib
                                          [ keyboard.rel ]
/home/diego/cpctelera/cpctelera/cpctelera.lib
                                          [ cpct_setVideoMode_asmbindings.re ]
/home/diego/cpctelera/cpctelera/cpctelera.lib
                                          [ cpct_waitVSYNC.rel ]
/home/diego/cpctelera/cpctelera/cpctelera.lib
                                          [ cpct_removeInterruptHandler.rel ]
/home/diego/cpctelera/cpctelera/cpctelera.lib
                                          [ cpct_drawSolidBox_asmbindings.re ]
/home/diego/cpctelera/cpctelera/cpctelera.lib
                                          [ cpc_mode_rom_status.rel ]
/home/diego/cpctelera/cpctelera/cpctelera.lib
                                          [ cpct_getScreenPtr_asmbindings.re ]

ASxxxx Linker V03.00 + NoICE + sdld,  page 4.

User Base Address Definitions

_CODE = 0x4000
_DATA = 0x0000

